2026-09-27 15:58:36,441 [INFO] <stdin>:7 - 日志初始化验证通过
2026-09-27 17:08:34,331 [INFO] base_page.py:22 - 点击元素:('id', 'com.netease.yanxuan:id/btn_alert_positive')
2026-09-27 17:08:34,332 [INFO] base_page.py:13 - 定位元素:('id', 'com.netease.yanxuan:id/btn_alert_positive')
2026-09-27 17:08:35,127 [INFO] base_page.py:22 - 点击元素:('xpath', '//android.widget.TextView[@text="跳过"]')
2026-09-27 17:08:35,127 [INFO] base_page.py:13 - 定位元素:('xpath', '//android.widget.TextView[@text="跳过"]')
2026-09-27 17:09:25,711 [INFO] base_page.py:22 - 点击元素:('id', 'com.netease.yanxuan:id/btn_alert_positive')
2026-09-27 17:09:25,712 [INFO] base_page.py:13 - 定位元素:('id', 'com.netease.yanxuan:id/btn_alert_positive')
2026-09-27 17:09:26,493 [INFO] base_page.py:22 - 点击元素:('xpath', '//android.widget.TextView[@text="跳过"]')
2026-09-27 17:09:26,493 [INFO] base_page.py:13 - 定位元素:('xpath', '//android.widget.TextView[@text="跳过"]')
2026-09-27 17:20:36,034 [INFO] base_page.py:22 - 点击元素:('id', 'com.netease.yanxuan:id/btn_alert_positive')
2026-09-27 17:20:36,034 [INFO] base_page.py:13 - 定位元素:('id', 'com.netease.yanxuan:id/btn_alert_positive')
2026-09-27 17:20:36,816 [INFO] base_page.py:22 - 点击元素:('xpath', '//android.widget.TextView[@text="跳过"]')
2026-09-27 17:20:36,816 [INFO] base_page.py:13 - 定位元素:('xpath', '//android.widget.TextView[@text="跳过"]')
2026-09-27 17:56:05,881 [INFO] base_page.py:22 - 点击元素:('id', 'com.netease.yanxuan:id/btn_alert_positive')
2026-09-27 17:56:05,882 [INFO] base_page.py:13 - 定位元素:('id', 'com.netease.yanxuan:id/btn_alert_positive')
2026-09-27 17:56:06,663 [INFO] base_page.py:22 - 点击元素:('xpath', '//android.widget.TextView[@text="跳过"]')
2026-09-27 17:56:06,663 [INFO] base_page.py:13 - 定位元素:('xpath', '//android.widget.TextView[@text="跳过"]')
2026-09-27 17:56:09,709 [INFO] base_page.py:22 - 点击元素:('xpath', '//android.widget.TabWidget[@resource-id="android:id/tabs"]/android.view.ViewGroup[5]')
2026-09-27 17:56:09,709 [INFO] base_page.py:13 - 定位元素:('xpath', '//android.widget.TabWidget[@resource-id="android:id/tabs"]/android.view.ViewGroup[5]')
2026-09-27 17:56:11,303 [INFO] base_page.py:22 - 点击元素:('id', 'com.netease.yanxuan:id/btn_change_mode')
2026-09-27 17:56:11,304 [INFO] base_page.py:13 - 定位元素:('id', 'com.netease.yanxuan:id/btn_change_mode')
2026-09-27 17:56:11,938 [INFO] base_page.py:22 - 点击元素:('id', 'com.netease.yanxuan:id/check_box')
2026-09-27 17:56:11,938 [INFO] base_page.py:13 - 定位元素:('id', 'com.netease.yanxuan:id/check_box')
2026-09-27 17:56:12,580 [INFO] base_page.py:26 - 在元素:('id', 'com.netease.yanxuan:id/account_edit')输入文本:17641160730
2026-09-27 17:56:12,580 [INFO] base_page.py:13 - 定位元素:('id', 'com.netease.yanxuan:id/account_edit')
2026-09-27 17:56:12,642 [INFO] base_page.py:13 - 定位元素:('id', 'com.netease.yanxuan:id/account_edit')
2026-09-27 17:56:13,657 [INFO] base_page.py:26 - 在元素:('id', 'com.netease.yanxuan:id/password_edit')输入文本:lzj123456!
2026-09-27 17:56:13,657 [INFO] base_page.py:13 - 定位元素:('id', 'com.netease.yanxuan:id/password_edit')
2026-09-27 17:56:14,172 [INFO] base_page.py:13 - 定位元素:('id', 'com.netease.yanxuan:id/password_edit')
2026-09-27 17:56:15,193 [INFO] base_page.py:22 - 点击元素:('id', 'com.netease.yanxuan:id/password_edit')
2026-09-27 17:56:15,193 [INFO] base_page.py:13 - 定位元素:('id', 'com.netease.yanxuan:id/password_edit')
2026-09-27 17:57:18,906 [INFO] base_page.py:22 - 点击元素:('id', 'com.netease.yanxuan:id/btn_alert_positive')
2026-09-27 17:57:18,906 [INFO] base_page.py:13 - 定位元素:('id', 'com.netease.yanxuan:id/btn_alert_positive')
2026-09-27 17:57:19,678 [INFO] base_page.py:22 - 点击元素:('xpath', '//android.widget.TextView[@text="跳过"]')
2026-09-27 17:57:19,678 [INFO] base_page.py:13 - 定位元素:('xpath', '//android.widget.TextView[@text="跳过"]')
2026-09-27 17:57:22,320 [INFO] base_page.py:22 - 点击元素:('xpath', '//android.widget.TabWidget[@resource-id="android:id/tabs"]/android.view.ViewGroup[5]')
2026-09-27 17:57:22,320 [INFO] base_page.py:13 - 定位元素:('xpath', '//android.widget.TabWidget[@resource-id="android:id/tabs"]/android.view.ViewGroup[5]')
2026-09-27 17:57:32,775 [ERROR] base_page.py:18 - 元素定位失败:('xpath', '//android.widget.TabWidget[@resource-id="android:id/tabs"]/android.view.ViewGroup[5]')-Message: 
Stacktrace:
NoSuchElementError: An element could not be located on the page using the given search parameters.
    at AndroidUiautomator2Driver.findElOrEls (file:///C:/Users/Tuki/.appium/node_modules/appium-uiautomator2-driver/node_modules/appium-android-driver/build/lib/commands/find.js:54:15)
    at process.processTicksAndRejections (node:internal/process/task_queues:104:5)
    at async AndroidUiautomator2Driver.findElOrElsWithProcessing (C:\Users\Tuki\AppData\Roaming\npm\node_modules\appium\node_modules\@appium\base-driver\build\lib\basedriver\commands\find.js:12:16)
    at async AndroidUiautomator2Driver.findElement (C:\Users\Tuki\AppData\Roaming\npm\node_modules\appium\node_modules\@appium\base-driver\build\lib\basedriver\commands\find.js:37:16)
    at async runCommandPromise (C:\Users\Tuki\AppData\Roaming\npm\node_modules\appium\node_modules\@appium\base-driver\build\lib\basedriver\driver.js:119:24)
2026-09-27 17:57:47,662 [INFO] base_page.py:22 - 点击元素:('id', 'com.netease.yanxuan:id/btn_alert_positive')
2026-09-27 17:57:47,662 [INFO] base_page.py:13 - 定位元素:('id', 'com.netease.yanxuan:id/btn_alert_positive')
2026-09-27 17:57:48,446 [INFO] base_page.py:22 - 点击元素:('xpath', '//android.widget.TextView[@text="跳过"]')
2026-09-27 17:57:48,446 [INFO] base_page.py:13 - 定位元素:('xpath', '//android.widget.TextView[@text="跳过"]')
2026-09-27 17:57:51,533 [INFO] base_page.py:22 - 点击元素:('xpath', '//android.widget.TabWidget[@resource-id="android:id/tabs"]/android.view.ViewGroup[5]')
2026-09-27 17:57:51,533 [INFO] base_page.py:13 - 定位元素:('xpath', '//android.widget.TabWidget[@resource-id="android:id/tabs"]/android.view.ViewGroup[5]')
2026-09-27 17:57:51,729 [INFO] base_page.py:22 - 点击元素:('id', 'com.netease.yanxuan:id/btn_change_mode')
2026-09-27 17:57:51,729 [INFO] base_page.py:13 - 定位元素:('id', 'com.netease.yanxuan:id/btn_change_mode')
2026-09-27 17:57:52,887 [INFO] base_page.py:22 - 点击元素:('id', 'com.netease.yanxuan:id/check_box')
2026-09-27 17:57:52,887 [INFO] base_page.py:13 - 定位元素:('id', 'com.netease.yanxuan:id/check_box')
2026-09-27 17:57:53,519 [INFO] base_page.py:26 - 在元素:('id', 'com.netease.yanxuan:id/account_edit')输入文本:17641160730
2026-09-27 17:57:53,519 [INFO] base_page.py:13 - 定位元素:('id', 'com.netease.yanxuan:id/account_edit')
2026-09-27 17:57:53,591 [INFO] base_page.py:13 - 定位元素:('id', 'com.netease.yanxuan:id/account_edit')
2026-09-27 17:57:54,605 [INFO] base_page.py:26 - 在元素:('id', 'com.netease.yanxuan:id/password_edit')输入文本:lzj123456!
2026-09-27 17:57:54,605 [INFO] base_page.py:13 - 定位元素:('id', 'com.netease.yanxuan:id/password_edit')
2026-09-27 17:57:55,126 [INFO] base_page.py:13 - 定位元素:('id', 'com.netease.yanxuan:id/password_edit')
2026-09-27 17:57:56,150 [INFO] base_page.py:22 - 点击元素:('id', 'com.netease.yanxuan:id/password_edit')
2026-09-27 17:57:56,150 [INFO] base_page.py:13 - 定位元素:('id', 'com.netease.yanxuan:id/password_edit')
2026-09-27 17:58:15,391 [INFO] base_page.py:22 - 点击元素:('id', 'com.netease.yanxuan:id/btn_alert_positive')
2026-09-27 17:58:15,391 [INFO] base_page.py:13 - 定位元素:('id', 'com.netease.yanxuan:id/btn_alert_positive')
2026-09-27 17:58:16,168 [INFO] base_page.py:22 - 点击元素:('xpath', '//android.widget.TextView[@text="跳过"]')
2026-09-27 17:58:16,169 [INFO] base_page.py:13 - 定位元素:('xpath', '//android.widget.TextView[@text="跳过"]')
2026-09-27 17:58:19,477 [INFO] base_page.py:22 - 点击元素:('xpath', '//android.widget.TabWidget[@resource-id="android:id/tabs"]/android.view.ViewGroup[5]')
2026-09-27 17:58:19,477 [INFO] base_page.py:13 - 定位元素:('xpath', '//android.widget.TabWidget[@resource-id="android:id/tabs"]/android.view.ViewGroup[5]')
2026-09-27 17:58:19,660 [INFO] base_page.py:22 - 点击元素:('id', 'com.netease.yanxuan:id/btn_change_mode')
2026-09-27 17:58:19,660 [INFO] base_page.py:13 - 定位元素:('id', 'com.netease.yanxuan:id/btn_change_mode')
2026-09-27 17:58:20,846 [INFO] base_page.py:22 - 点击元素:('id', 'com.netease.yanxuan:id/check_box')
2026-09-27 17:58:20,846 [INFO] base_page.py:13 - 定位元素:('id', 'com.netease.yanxuan:id/check_box')
2026-09-27 17:58:21,485 [INFO] base_page.py:26 - 在元素:('id', 'com.netease.yanxuan:id/account_edit')输入文本:17641160730
2026-09-27 17:58:21,485 [INFO] base_page.py:13 - 定位元素:('id', 'com.netease.yanxuan:id/account_edit')
2026-09-27 17:58:21,556 [INFO] base_page.py:13 - 定位元素:('id', 'com.netease.yanxuan:id/account_edit')
2026-09-27 17:58:22,689 [INFO] base_page.py:26 - 在元素:('id', 'com.netease.yanxuan:id/password_edit')输入文本:lzj123456!
2026-09-27 17:58:22,690 [INFO] base_page.py:13 - 定位元素:('id', 'com.netease.yanxuan:id/password_edit')
2026-09-27 17:58:23,209 [INFO] base_page.py:13 - 定位元素:('id', 'com.netease.yanxuan:id/password_edit')
2026-09-27 17:58:24,234 [INFO] base_page.py:22 - 点击元素:('id', 'com.netease.yanxuan:id/password_edit')
2026-09-27 17:58:24,234 [INFO] base_page.py:13 - 定位元素:('id', 'com.netease.yanxuan:id/password_edit')
2026-09-27 17:59:08,844 [INFO] base_page.py:22 - 点击元素:('id', 'com.netease.yanxuan:id/btn_alert_positive')
2026-09-27 17:59:08,844 [INFO] base_page.py:13 - 定位元素:('id', 'com.netease.yanxuan:id/btn_alert_positive')
2026-09-27 17:59:09,627 [INFO] base_page.py:22 - 点击元素:('xpath', '//android.widget.TextView[@text="跳过"]')
2026-09-27 17:59:09,627 [INFO] base_page.py:13 - 定位元素:('xpath', '//android.widget.TextView[@text="跳过"]')
2026-09-27 17:59:13,599 [INFO] base_page.py:22 - 点击元素:('xpath', '//android.widget.TabWidget[@resource-id="android:id/tabs"]/android.view.ViewGroup[5]')
2026-09-27 17:59:13,599 [INFO] base_page.py:13 - 定位元素:('xpath', '//android.widget.TabWidget[@resource-id="android:id/tabs"]/android.view.ViewGroup[5]')
2026-09-27 17:59:13,835 [INFO] base_page.py:22 - 点击元素:('id', 'com.netease.yanxuan:id/btn_change_mode')
2026-09-27 17:59:13,835 [INFO] base_page.py:13 - 定位元素:('id', 'com.netease.yanxuan:id/btn_change_mode')
2026-09-27 17:59:15,002 [INFO] base_page.py:22 - 点击元素:('id', 'com.netease.yanxuan:id/check_box')
2026-09-27 17:59:15,002 [INFO] base_page.py:13 - 定位元素:('id', 'com.netease.yanxuan:id/check_box')
2026-09-27 17:59:15,642 [INFO] base_page.py:26 - 在元素:('id', 'com.netease.yanxuan:id/account_edit')输入文本:17641160730
2026-09-27 17:59:15,642 [INFO] base_page.py:13 - 定位元素:('id', 'com.netease.yanxuan:id/account_edit')
2026-09-27 17:59:15,722 [INFO] base_page.py:13 - 定位元素:('id', 'com.netease.yanxuan:id/account_edit')
2026-09-27 17:59:16,736 [INFO] base_page.py:26 - 在元素:('id', 'com.netease.yanxuan:id/password_edit')输入文本:lzj123456!
2026-09-27 17:59:16,737 [INFO] base_page.py:13 - 定位元素:('id', 'com.netease.yanxuan:id/password_edit')
2026-09-27 17:59:17,256 [INFO] base_page.py:13 - 定位元素:('id', 'com.netease.yanxuan:id/password_edit')
2026-09-27 17:59:18,271 [INFO] base_page.py:22 - 点击元素:('xpath', '//android.widget.LinearLayout[@resource-id="com.netease.yanxuan:id/fl_loginview"]')
2026-09-27 17:59:18,271 [INFO] base_page.py:13 - 定位元素:('xpath', '//android.widget.LinearLayout[@resource-id="com.netease.yanxuan:id/fl_loginview"]')
2026-09-27 18:08:54,296 [INFO] base_page.py:22 - 点击元素:('id', 'com.netease.yanxuan:id/btn_alert_positive')
2026-09-27 18:08:54,296 [INFO] base_page.py:13 - 定位元素:('id', 'com.netease.yanxuan:id/btn_alert_positive')
2026-09-27 18:08:55,073 [INFO] base_page.py:22 - 点击元素:('xpath', '//android.widget.TextView[@text="跳过"]')
2026-09-27 18:08:55,073 [INFO] base_page.py:13 - 定位元素:('xpath', '//android.widget.TextView[@text="跳过"]')
2026-09-27 18:08:57,994 [INFO] base_page.py:22 - 点击元素:('xpath', '//android.widget.TabWidget[@resource-id="android:id/tabs"]/android.view.ViewGroup[5]')
2026-09-27 18:08:57,994 [INFO] base_page.py:13 - 定位元素:('xpath', '//android.widget.TabWidget[@resource-id="android:id/tabs"]/android.view.ViewGroup[5]')
2026-09-27 18:09:15,084 [INFO] base_page.py:22 - 点击元素:('id', 'com.netease.yanxuan:id/btn_alert_positive')
2026-09-27 18:09:15,084 [INFO] base_page.py:13 - 定位元素:('id', 'com.netease.yanxuan:id/btn_alert_positive')
2026-09-27 18:09:15,866 [INFO] base_page.py:22 - 点击元素:('xpath', '//android.widget.TextView[@text="跳过"]')
2026-09-27 18:09:15,866 [INFO] base_page.py:13 - 定位元素:('xpath', '//android.widget.TextView[@text="跳过"]')
2026-09-27 18:09:19,401 [INFO] base_page.py:22 - 点击元素:('xpath', '//android.widget.TabWidget[@resource-id="android:id/tabs"]/android.view.ViewGroup[5]')
2026-09-27 18:09:19,401 [INFO] base_page.py:13 - 定位元素:('xpath', '//android.widget.TabWidget[@resource-id="android:id/tabs"]/android.view.ViewGroup[5]')
2026-09-27 18:09:20,139 [INFO] base_page.py:22 - 点击元素:('id', 'com.netease.yanxuan:id/btn_change_mode')
2026-09-27 18:09:20,140 [INFO] base_page.py:13 - 定位元素:('id', 'com.netease.yanxuan:id/btn_change_mode')
2026-09-27 18:09:20,774 [INFO] base_page.py:22 - 点击元素:('id', 'com.netease.yanxuan:id/check_box')
2026-09-27 18:09:20,774 [INFO] base_page.py:13 - 定位元素:('id', 'com.netease.yanxuan:id/check_box')
2026-09-27 18:09:21,407 [INFO] base_page.py:26 - 在元素:('id', 'com.netease.yanxuan:id/account_edit')输入文本:17641160730
2026-09-27 18:09:21,407 [INFO] base_page.py:13 - 定位元素:('id', 'com.netease.yanxuan:id/account_edit')
2026-09-27 18:09:21,462 [INFO] base_page.py:13 - 定位元素:('id', 'com.netease.yanxuan:id/account_edit')
2026-09-27 18:09:22,475 [INFO] base_page.py:26 - 在元素:('id', 'com.netease.yanxuan:id/password_edit')输入文本:lzj123456!
2026-09-27 18:09:22,476 [INFO] base_page.py:13 - 定位元素:('id', 'com.netease.yanxuan:id/password_edit')
2026-09-27 18:09:22,993 [INFO] base_page.py:13 - 定位元素:('id', 'com.netease.yanxuan:id/password_edit')
2026-09-27 18:09:24,015 [INFO] base_page.py:22 - 点击元素:('xpath', '//android.widget.LinearLayout[@resource-id="com.netease.yanxuan:id/fl_loginview"]')
2026-09-27 18:09:24,015 [INFO] base_page.py:13 - 定位元素:('xpath', '//android.widget.LinearLayout[@resource-id="com.netease.yanxuan:id/fl_loginview"]')
2026-09-27 18:09:24,600 [INFO] base_page.py:13 - 定位元素:('id', 'com.netease.yanxuan:id/user_name')
2026-09-27 18:09:34,779 [ERROR] base_page.py:18 - 元素定位失败:('id', 'com.netease.yanxuan:id/user_name')-Message: 
Stacktrace:
NoSuchElementError: An element could not be located on the page using the given search parameters.
    at AndroidUiautomator2Driver.findElOrEls (file:///C:/Users/Tuki/.appium/node_modules/appium-uiautomator2-driver/node_modules/appium-android-driver/build/lib/commands/find.js:54:15)
    at process.processTicksAndRejections (node:internal/process/task_queues:104:5)
    at async AndroidUiautomator2Driver.findElOrElsWithProcessing (C:\Users\Tuki\AppData\Roaming\npm\node_modules\appium\node_modules\@appium\base-driver\build\lib\basedriver\commands\find.js:12:16)
    at async AndroidUiautomator2Driver.findElement (C:\Users\Tuki\AppData\Roaming\npm\node_modules\appium\node_modules\@appium\base-driver\build\lib\basedriver\commands\find.js:37:16)
    at async runCommandPromise (C:\Users\Tuki\AppData\Roaming\npm\node_modules\appium\node_modules\@appium\base-driver\build\lib\basedriver\driver.js:119:24)
2026-09-27 18:13:42,111 [INFO] base_page.py:22 - 点击元素:('id', 'com.netease.yanxuan:id/btn_alert_positive')
2026-09-27 18:13:42,111 [INFO] base_page.py:13 - 定位元素:('id', 'com.netease.yanxuan:id/btn_alert_positive')
2026-09-27 18:13:42,901 [INFO] base_page.py:22 - 点击元素:('xpath', '//android.widget.TextView[@text="跳过"]')
2026-09-27 18:13:42,901 [INFO] base_page.py:13 - 定位元素:('xpath', '//android.widget.TextView[@text="跳过"]')
2026-09-27 18:13:45,051 [INFO] base_page.py:22 - 点击元素:('xpath', '//android.widget.TabWidget[@resource-id="android:id/tabs"]/android.view.ViewGroup[5]')
2026-09-27 18:13:45,051 [INFO] base_page.py:13 - 定位元素:('xpath', '//android.widget.TabWidget[@resource-id="android:id/tabs"]/android.view.ViewGroup[5]')
2026-09-27 18:13:55,568 [ERROR] base_page.py:18 - 元素定位失败:('xpath', '//android.widget.TabWidget[@resource-id="android:id/tabs"]/android.view.ViewGroup[5]')-Message: Timed out after 10501ms waiting for the root AccessibilityNodeInfo in the active window. Make sure the active window is not constantly hogging the main UI thread (e.g. the application is being idle long enough), so the accessibility manager could do its work. Try changing the 'enforceXPath1' driver setting to 'true' in order to workaround the problem.
Stacktrace:
io.appium.uiautomator2.common.exceptions.UiAutomator2Exception: Timed out after 10501ms waiting for the root AccessibilityNodeInfo in the active window. Make sure the active window is not constantly hogging the main UI thread (e.g. the application is being idle long enough), so the accessibility manager could do its work. Try changing the 'enforceXPath1' driver setting to 'true' in order to workaround the problem.
	at io.appium.uiautomator2.core.AccessibilityNodeInfoDumper.findNodesUsingXpath2(AccessibilityNodeInfoDumper.java:431)
	at io.appium.uiautomator2.core.AccessibilityNodeInfoDumper.findNodes(AccessibilityNodeInfoDumper.java:444)
	at io.appium.uiautomator2.utils.ElementLocationHelpers.getXPathNodeMatch(ElementLocationHelpers.java:102)
	at io.appium.uiautomator2.utils.ElementLocationHelpers.findElement(ElementLocationHelpers.java:128)
	at io.appium.uiautomator2.handler.FindElement.safeHandle(FindElement.java:60)
	at io.appium.uiautomator2.handler.request.SafeRequestHandler.handle(SafeRequestHandler.java:59)
	at io.appium.uiautomator2.server.AppiumServlet.handleRequest(AppiumServlet.java:269)
	at io.appium.uiautomator2.server.AppiumServlet.handleHttpRequest(AppiumServlet.java:263)
	at io.appium.uiautomator2.http.ServerHandler.channelRead(ServerHandler.java:77)
	at io.netty.channel.AbstractChannelHandlerContext.fireChannelRead(AbstractChannelHandlerContext.java:357)
	at io.netty.handler.codec.MessageToMessageDecoder.channelRead(MessageToMessageDecoder.java:107)
	at io.netty.channel.AbstractChannelHandlerContext.fireChannelRead(AbstractChannelHandlerContext.java:357)
	at io.netty.channel.CombinedChannelDuplexHandler$DelegatingChannelHandlerContext.fireChannelRead(CombinedChannelDuplexHandler.java:434)
	at io.netty.handler.codec.ByteToMessageDecoder.fireChannelRead(ByteToMessageDecoder.java:361)
	at io.netty.handler.codec.ByteToMessageDecoder.channelRead(ByteToMessageDecoder.java:325)
	at io.netty.channel.CombinedChannelDuplexHandler.channelRead(CombinedChannelDuplexHandler.java:249)
	at io.netty.channel.AbstractChannelHandlerContext.fireChannelRead(AbstractChannelHandlerContext.java:355)
	at io.netty.handler.timeout.IdleStateHandler.channelRead(IdleStateHandler.java:288)
	at io.netty.channel.AbstractChannelHandlerContext.fireChannelRead(AbstractChannelHandlerContext.java:355)
	at io.netty.channel.DefaultChannelPipeline$HeadContext.channelRead(DefaultChannelPipeline.java:1429)
	at io.netty.channel.DefaultChannelPipeline.fireChannelRead(DefaultChannelPipeline.java:918)
	at io.netty.channel.nio.AbstractNioByteChannel$NioByteUnsafe.read(AbstractNioByteChannel.java:176)
	at io.netty.channel.nio.AbstractNioChannel$AbstractNioUnsafe.handle(AbstractNioChannel.java:445)
	at io.netty.channel.nio.NioIoHandler$DefaultNioRegistration.handle(NioIoHandler.java:388)
	at io.netty.channel.nio.NioIoHandler.processSelectedKey(NioIoHandler.java:596)
	at io.netty.channel.nio.NioIoHandler.processSelectedKeysOptimized(NioIoHandler.java:571)
	at io.netty.channel.nio.NioIoHandler.processSelectedKeys(NioIoHandler.java:512)
	at io.netty.channel.nio.NioIoHandler.run(NioIoHandler.java:484)
	at io.netty.channel.SingleThreadIoEventLoop.runIo(SingleThreadIoEventLoop.java:225)
	at io.netty.channel.SingleThreadIoEventLoop.run(SingleThreadIoEventLoop.java:196)
	at io.netty.util.concurrent.SingleThreadEventExecutor$5.run(SingleThreadEventExecutor.java:1204)
	at io.netty.util.internal.ThreadExecutorMap$2.run(ThreadExecutorMap.java:74)
	at io.netty.util.concurrent.FastThreadLocalRunnable.run(FastThreadLocalRunnable.java:30)
	at java.lang.Thread.run(Thread.java:920)
Caused by: io.appium.uiautomator2.common.exceptions.UiAutomator2Exception: Timed out after 10501ms waiting for the root AccessibilityNodeInfo in the active window. Make sure the active window is not constantly hogging the main UI thread (e.g. the application is being idle long enough), so the accessibility manager could do its work
	at io.appium.uiautomator2.utils.AXWindowHelpers.getActiveWindowRoot(AXWindowHelpers.java:136)
	at io.appium.uiautomator2.utils.AXWindowHelpers.retrieveWindowRoots(AXWindowHelpers.java:116)
	at io.appium.uiautomator2.utils.AXWindowHelpers.getCachedWindowRoots(AXWindowHelpers.java:97)
	at io.appium.uiautomator2.core.AccessibilityNodeInfoDumper.toStream(AccessibilityNodeInfoDumper.java:243)
	at io.appium.uiautomator2.core.AccessibilityNodeInfoDumper.findNodesUsingXpath2(AccessibilityNodeInfoDumper.java:393)
	... 33 more

2026-09-27 18:14:18,979 [INFO] base_page.py:22 - 点击元素:('id', 'com.netease.yanxuan:id/btn_alert_positive')
2026-09-27 18:14:18,979 [INFO] base_page.py:13 - 定位元素:('id', 'com.netease.yanxuan:id/btn_alert_positive')
2026-09-27 18:14:19,760 [INFO] base_page.py:22 - 点击元素:('xpath', '//android.widget.TextView[@text="跳过"]')
2026-09-27 18:14:19,760 [INFO] base_page.py:13 - 定位元素:('xpath', '//android.widget.TextView[@text="跳过"]')
2026-09-27 18:14:23,241 [INFO] base_page.py:22 - 点击元素:('xpath', '//android.widget.TabWidget[@resource-id="android:id/tabs"]/android.view.ViewGroup[5]')
2026-09-27 18:14:23,241 [INFO] base_page.py:13 - 定位元素:('xpath', '//android.widget.TabWidget[@resource-id="android:id/tabs"]/android.view.ViewGroup[5]')
2026-09-27 18:14:23,952 [INFO] base_page.py:22 - 点击元素:('id', 'com.netease.yanxuan:id/btn_change_mode')
2026-09-27 18:14:23,952 [INFO] base_page.py:13 - 定位元素:('id', 'com.netease.yanxuan:id/btn_change_mode')
2026-09-27 18:14:24,594 [INFO] base_page.py:22 - 点击元素:('id', 'com.netease.yanxuan:id/check_box')
2026-09-27 18:14:24,594 [INFO] base_page.py:13 - 定位元素:('id', 'com.netease.yanxuan:id/check_box')
2026-09-27 18:14:25,235 [INFO] base_page.py:26 - 在元素:('id', 'com.netease.yanxuan:id/account_edit')输入文本:17641160730
2026-09-27 18:14:25,236 [INFO] base_page.py:13 - 定位元素:('id', 'com.netease.yanxuan:id/account_edit')
2026-09-27 18:14:25,297 [INFO] base_page.py:13 - 定位元素:('id', 'com.netease.yanxuan:id/account_edit')
2026-09-27 18:14:26,313 [INFO] base_page.py:26 - 在元素:('id', 'com.netease.yanxuan:id/password_edit')输入文本:lzj123456!
2026-09-27 18:14:26,313 [INFO] base_page.py:13 - 定位元素:('id', 'com.netease.yanxuan:id/password_edit')
2026-09-27 18:14:26,832 [INFO] base_page.py:13 - 定位元素:('id', 'com.netease.yanxuan:id/password_edit')
2026-09-27 18:14:27,844 [INFO] base_page.py:22 - 点击元素:('xpath', '//android.widget.LinearLayout[@resource-id="com.netease.yanxuan:id/fl_loginview"]')
2026-09-27 18:14:27,844 [INFO] base_page.py:13 - 定位元素:('xpath', '//android.widget.LinearLayout[@resource-id="com.netease.yanxuan:id/fl_loginview"]')
2026-09-27 18:14:30,321 [INFO] base_page.py:13 - 定位元素:('id', 'com.netease.yanxuan:id/user_name')
2026-09-27 18:14:40,684 [ERROR] base_page.py:18 - 元素定位失败:('id', 'com.netease.yanxuan:id/user_name')-Message: 
Stacktrace:
NoSuchElementError: An element could not be located on the page using the given search parameters.
    at AndroidUiautomator2Driver.findElOrEls (file:///C:/Users/Tuki/.appium/node_modules/appium-uiautomator2-driver/node_modules/appium-android-driver/build/lib/commands/find.js:54:15)
    at process.processTicksAndRejections (node:internal/process/task_queues:104:5)
    at async AndroidUiautomator2Driver.findElOrElsWithProcessing (C:\Users\Tuki\AppData\Roaming\npm\node_modules\appium\node_modules\@appium\base-driver\build\lib\basedriver\commands\find.js:12:16)
    at async AndroidUiautomator2Driver.findElement (C:\Users\Tuki\AppData\Roaming\npm\node_modules\appium\node_modules\@appium\base-driver\build\lib\basedriver\commands\find.js:37:16)
    at async runCommandPromise (C:\Users\Tuki\AppData\Roaming\npm\node_modules\appium\node_modules\@appium\base-driver\build\lib\basedriver\driver.js:119:24)
2026-09-27 18:14:53,513 [INFO] base_page.py:22 - 点击元素:('id', 'com.netease.yanxuan:id/btn_alert_positive')
2026-09-27 18:14:53,513 [INFO] base_page.py:13 - 定位元素:('id', 'com.netease.yanxuan:id/btn_alert_positive')
2026-09-27 18:14:54,293 [INFO] base_page.py:22 - 点击元素:('xpath', '//android.widget.TextView[@text="跳过"]')
2026-09-27 18:14:54,293 [INFO] base_page.py:13 - 定位元素:('xpath', '//android.widget.TextView[@text="跳过"]')
2026-09-27 18:14:57,441 [INFO] base_page.py:22 - 点击元素:('xpath', '//android.widget.TabWidget[@resource-id="android:id/tabs"]/android.view.ViewGroup[5]')
2026-09-27 18:14:57,441 [INFO] base_page.py:13 - 定位元素:('xpath', '//android.widget.TabWidget[@resource-id="android:id/tabs"]/android.view.ViewGroup[5]')
2026-09-27 18:14:57,652 [INFO] base_page.py:22 - 点击元素:('id', 'com.netease.yanxuan:id/btn_change_mode')
2026-09-27 18:14:57,652 [INFO] base_page.py:13 - 定位元素:('id', 'com.netease.yanxuan:id/btn_change_mode')
2026-09-27 18:14:58,911 [INFO] base_page.py:22 - 点击元素:('id', 'com.netease.yanxuan:id/check_box')
2026-09-27 18:14:58,911 [INFO] base_page.py:13 - 定位元素:('id', 'com.netease.yanxuan:id/check_box')
2026-09-27 18:14:59,543 [INFO] base_page.py:26 - 在元素:('id', 'com.netease.yanxuan:id/account_edit')输入文本:17641160730
2026-09-27 18:14:59,543 [INFO] base_page.py:13 - 定位元素:('id', 'com.netease.yanxuan:id/account_edit')
2026-09-27 18:14:59,606 [INFO] base_page.py:13 - 定位元素:('id', 'com.netease.yanxuan:id/account_edit')
2026-09-27 18:15:00,973 [INFO] base_page.py:26 - 在元素:('id', 'com.netease.yanxuan:id/password_edit')输入文本:lzj123456!
2026-09-27 18:15:00,973 [INFO] base_page.py:13 - 定位元素:('id', 'com.netease.yanxuan:id/password_edit')
2026-09-27 18:15:01,482 [INFO] base_page.py:13 - 定位元素:('id', 'com.netease.yanxuan:id/password_edit')
2026-09-27 18:15:02,494 [INFO] base_page.py:22 - 点击元素:('xpath', '//android.widget.LinearLayout[@resource-id="com.netease.yanxuan:id/fl_loginview"]')
2026-09-27 18:15:02,494 [INFO] base_page.py:13 - 定位元素:('xpath', '//android.widget.LinearLayout[@resource-id="com.netease.yanxuan:id/fl_loginview"]')
2026-09-27 18:15:06,456 [INFO] base_page.py:13 - 定位元素:('id', 'com.netease.yanxuan:id/user_name')
2026-09-27 18:15:06,477 [INFO] base_page.py:32 - 获取元素文本:('id', 'com.netease.yanxuan:id/user_name') -> 用户59907260
2026-09-27 18:15:06,477 [INFO] test_login_page.py:15 - 登录结果 : 用户59907260
2026-09-27 18:15:06,477 [INFO] base_page.py:13 - 定位元素:('id', 'com.netease.yanxuan:id/user_name')
2026-09-27 18:15:06,499 [INFO] base_page.py:32 - 获取元素文本:('id', 'com.netease.yanxuan:id/user_name') -> 用户59907260
2026-09-27 18:24:52,846 [INFO] base_page.py:23 - 点击元素:('id', 'com.netease.yanxuan:id/btn_alert_positive')
2026-09-27 18:24:52,847 [INFO] base_page.py:14 - 定位元素:('id', 'com.netease.yanxuan:id/btn_alert_positive')
2026-09-27 18:25:08,085 [INFO] base_page.py:23 - 点击元素:('id', 'com.netease.yanxuan:id/btn_alert_positive')
2026-09-27 18:25:08,085 [INFO] base_page.py:14 - 定位元素:('id', 'com.netease.yanxuan:id/btn_alert_positive')
2026-09-27 18:25:08,866 [INFO] base_page.py:23 - 点击元素:('xpath', '//android.widget.TextView[@text="跳过"]')
2026-09-27 18:25:08,866 [INFO] base_page.py:14 - 定位元素:('xpath', '//android.widget.TextView[@text="跳过"]')
2026-09-27 18:25:11,638 [INFO] base_page.py:23 - 点击元素:('xpath', '//android.widget.TabWidget[@resource-id="android:id/tabs"]/android.view.ViewGroup[5]')
2026-09-27 18:25:11,638 [INFO] base_page.py:14 - 定位元素:('xpath', '//android.widget.TabWidget[@resource-id="android:id/tabs"]/android.view.ViewGroup[5]')
2026-09-27 18:25:13,225 [INFO] base_page.py:23 - 点击元素:('id', 'com.netease.yanxuan:id/btn_change_mode')
2026-09-27 18:25:13,225 [INFO] base_page.py:14 - 定位元素:('id', 'com.netease.yanxuan:id/btn_change_mode')
2026-09-27 18:25:13,859 [INFO] base_page.py:23 - 点击元素:('id', 'com.netease.yanxuan:id/check_box')
2026-09-27 18:25:13,860 [INFO] base_page.py:14 - 定位元素:('id', 'com.netease.yanxuan:id/check_box')
2026-09-27 18:25:14,490 [INFO] base_page.py:27 - 在元素:('id', 'com.netease.yanxuan:id/account_edit')输入文本:17641160730
2026-09-27 18:25:14,490 [INFO] base_page.py:14 - 定位元素:('id', 'com.netease.yanxuan:id/account_edit')
2026-09-27 18:25:14,563 [INFO] base_page.py:14 - 定位元素:('id', 'com.netease.yanxuan:id/account_edit')
2026-09-27 18:25:15,577 [INFO] base_page.py:27 - 在元素:('id', 'com.netease.yanxuan:id/password_edit')输入文本:lzj123456!
2026-09-27 18:25:15,577 [INFO] base_page.py:14 - 定位元素:('id', 'com.netease.yanxuan:id/password_edit')
2026-09-27 18:25:16,096 [INFO] base_page.py:14 - 定位元素:('id', 'com.netease.yanxuan:id/password_edit')
2026-09-27 18:25:17,111 [INFO] base_page.py:23 - 点击元素:('xpath', '//android.widget.LinearLayout[@resource-id="com.netease.yanxuan:id/fl_loginview"]')
2026-09-27 18:25:17,111 [INFO] base_page.py:14 - 定位元素:('xpath', '//android.widget.LinearLayout[@resource-id="com.netease.yanxuan:id/fl_loginview"]')
2026-09-27 18:25:19,631 [INFO] base_page.py:14 - 定位元素:('id', 'com.netease.yanxuan:id/user_name')
2026-09-27 18:25:20,506 [INFO] base_page.py:33 - 获取元素文本:('id', 'com.netease.yanxuan:id/user_name') -> 用户59907260
2026-09-27 18:25:20,506 [INFO] test_login_page.py:15 - 登录结果 : 用户59907260
2026-09-27 18:25:20,506 [INFO] base_page.py:14 - 定位元素:('id', 'com.netease.yanxuan:id/user_name')
2026-09-27 18:25:21,280 [INFO] base_page.py:33 - 获取元素文本:('id', 'com.netease.yanxuan:id/user_name') -> 用户59907260
2026-09-27 18:26:24,337 [INFO] base_page.py:23 - 点击元素:('id', 'com.netease.yanxuan:id/btn_alert_positive')
2026-09-27 18:26:24,337 [INFO] base_page.py:14 - 定位元素:('id', 'com.netease.yanxuan:id/btn_alert_positive')
2026-09-27 18:26:25,116 [INFO] base_page.py:23 - 点击元素:('xpath', '//android.widget.TextView[@text="跳过"]')
2026-09-27 18:26:25,116 [INFO] base_page.py:14 - 定位元素:('xpath', '//android.widget.TextView[@text="跳过"]')
2026-09-27 18:26:28,641 [INFO] base_page.py:23 - 点击元素:('xpath', '//android.widget.TabWidget[@resource-id="android:id/tabs"]/android.view.ViewGroup[5]')
2026-09-27 18:26:28,642 [INFO] base_page.py:14 - 定位元素:('xpath', '//android.widget.TabWidget[@resource-id="android:id/tabs"]/android.view.ViewGroup[5]')
2026-09-27 18:26:28,871 [INFO] base_page.py:23 - 点击元素:('id', 'com.netease.yanxuan:id/btn_change_mode')
2026-09-27 18:26:28,871 [INFO] base_page.py:14 - 定位元素:('id', 'com.netease.yanxuan:id/btn_change_mode')
2026-09-27 18:26:30,120 [INFO] base_page.py:23 - 点击元素:('id', 'com.netease.yanxuan:id/check_box')
2026-09-27 18:26:30,120 [INFO] base_page.py:14 - 定位元素:('id', 'com.netease.yanxuan:id/check_box')
2026-09-27 18:26:30,760 [INFO] base_page.py:27 - 在元素:('id', 'com.netease.yanxuan:id/account_edit')输入文本:17641160730
2026-09-27 18:26:30,760 [INFO] base_page.py:14 - 定位元素:('id', 'com.netease.yanxuan:id/account_edit')
2026-09-27 18:26:30,807 [INFO] base_page.py:14 - 定位元素:('id', 'com.netease.yanxuan:id/account_edit')
2026-09-27 18:26:31,835 [INFO] base_page.py:27 - 在元素:('id', 'com.netease.yanxuan:id/password_edit')输入文本:lzj123456!
2026-09-27 18:26:31,835 [INFO] base_page.py:14 - 定位元素:('id', 'com.netease.yanxuan:id/password_edit')
2026-09-27 18:26:32,345 [INFO] base_page.py:14 - 定位元素:('id', 'com.netease.yanxuan:id/password_edit')
2026-09-27 18:26:33,365 [INFO] base_page.py:23 - 点击元素:('xpath', '//android.widget.LinearLayout[@resource-id="com.netease.yanxuan:id/fl_loginview"]')
2026-09-27 18:26:33,365 [INFO] base_page.py:14 - 定位元素:('xpath', '//android.widget.LinearLayout[@resource-id="com.netease.yanxuan:id/fl_loginview"]')
2026-09-27 18:26:33,901 [INFO] base_page.py:14 - 定位元素:('id', 'com.netease.yanxuan:id/user_name')
2026-09-27 18:26:37,189 [INFO] base_page.py:33 - 获取元素文本:('id', 'com.netease.yanxuan:id/user_name') -> 用户59907260
2026-09-27 18:26:37,189 [INFO] test_login_page.py:15 - 登录结果 : 用户59907260
2026-09-27 18:26:37,189 [INFO] base_page.py:14 - 定位元素:('id', 'com.netease.yanxuan:id/user_name')
2026-09-27 18:26:37,214 [INFO] base_page.py:33 - 获取元素文本:('id', 'com.netease.yanxuan:id/user_name') -> 用户59907260
2026-09-27 18:26:43,768 [INFO] base_page.py:23 - 点击元素:('id', 'com.netease.yanxuan:id/btn_alert_positive')
2026-09-27 18:26:43,768 [INFO] base_page.py:14 - 定位元素:('id', 'com.netease.yanxuan:id/btn_alert_positive')
2026-09-27 18:26:44,543 [INFO] base_page.py:23 - 点击元素:('xpath', '//android.widget.TextView[@text="跳过"]')
2026-09-27 18:26:44,543 [INFO] base_page.py:14 - 定位元素:('xpath', '//android.widget.TextView[@text="跳过"]')
2026-09-27 18:26:47,581 [INFO] base_page.py:23 - 点击元素:('xpath', '//android.widget.TabWidget[@resource-id="android:id/tabs"]/android.view.ViewGroup[5]')
2026-09-27 18:26:47,581 [INFO] base_page.py:14 - 定位元素:('xpath', '//android.widget.TabWidget[@resource-id="android:id/tabs"]/android.view.ViewGroup[5]')
2026-09-27 18:26:49,134 [INFO] base_page.py:23 - 点击元素:('id', 'com.netease.yanxuan:id/btn_change_mode')
2026-09-27 18:26:49,134 [INFO] base_page.py:14 - 定位元素:('id', 'com.netease.yanxuan:id/btn_change_mode')
2026-09-27 18:26:50,302 [INFO] base_page.py:23 - 点击元素:('id', 'com.netease.yanxuan:id/check_box')
2026-09-27 18:26:50,302 [INFO] base_page.py:14 - 定位元素:('id', 'com.netease.yanxuan:id/check_box')
2026-09-27 18:26:50,943 [INFO] base_page.py:27 - 在元素:('id', 'com.netease.yanxuan:id/account_edit')输入文本:17641160730
2026-09-27 18:26:50,943 [INFO] base_page.py:14 - 定位元素:('id', 'com.netease.yanxuan:id/account_edit')
2026-09-27 18:26:51,013 [INFO] base_page.py:14 - 定位元素:('id', 'com.netease.yanxuan:id/account_edit')
2026-09-27 18:26:52,027 [INFO] base_page.py:27 - 在元素:('id', 'com.netease.yanxuan:id/password_edit')输入文本:lzj123456
2026-09-27 18:26:52,027 [INFO] base_page.py:14 - 定位元素:('id', 'com.netease.yanxuan:id/password_edit')
2026-09-27 18:26:52,545 [INFO] base_page.py:14 - 定位元素:('id', 'com.netease.yanxuan:id/password_edit')
2026-09-27 18:26:53,565 [INFO] base_page.py:23 - 点击元素:('xpath', '//android.widget.LinearLayout[@resource-id="com.netease.yanxuan:id/fl_loginview"]')
2026-09-27 18:26:53,565 [INFO] base_page.py:14 - 定位元素:('xpath', '//android.widget.LinearLayout[@resource-id="com.netease.yanxuan:id/fl_loginview"]')
2026-09-27 18:27:00,469 [INFO] base_page.py:49 - 获取Toast失败:Message: 
Stacktrace:
NoSuchElementError: An element could not be located on the page using the given search parameters.
    at AndroidUiautomator2Driver.findElOrEls (file:///C:/Users/Tuki/.appium/node_modules/appium-uiautomator2-driver/node_modules/appium-android-driver/build/lib/commands/find.js:54:15)
    at process.processTicksAndRejections (node:internal/process/task_queues:104:5)
    at async AndroidUiautomator2Driver.findElOrElsWithProcessing (C:\Users\Tuki\AppData\Roaming\npm\node_modules\appium\node_modules\@appium\base-driver\build\lib\basedriver\commands\find.js:12:16)
    at async AndroidUiautomator2Driver.findElement (C:\Users\Tuki\AppData\Roaming\npm\node_modules\appium\node_modules\@appium\base-driver\build\lib\basedriver\commands\find.js:37:16)
    at async runCommandPromise (C:\Users\Tuki\AppData\Roaming\npm\node_modules\appium\node_modules\@appium\base-driver\build\lib\basedriver\driver.js:119:24)
2026-09-27 18:27:00,469 [INFO] test_login_page.py:24 - 登录结果 : 
2026-09-27 18:27:05,529 [INFO] base_page.py:49 - 获取Toast失败:Message: 
Stacktrace:
NoSuchElementError: An element could not be located on the page using the given search parameters.
    at AndroidUiautomator2Driver.findElOrEls (file:///C:/Users/Tuki/.appium/node_modules/appium-uiautomator2-driver/node_modules/appium-android-driver/build/lib/commands/find.js:54:15)
    at process.processTicksAndRejections (node:internal/process/task_queues:104:5)
    at async AndroidUiautomator2Driver.findElOrElsWithProcessing (C:\Users\Tuki\AppData\Roaming\npm\node_modules\appium\node_modules\@appium\base-driver\build\lib\basedriver\commands\find.js:12:16)
    at async AndroidUiautomator2Driver.findElement (C:\Users\Tuki\AppData\Roaming\npm\node_modules\appium\node_modules\@appium\base-driver\build\lib\basedriver\commands\find.js:37:16)
    at async runCommandPromise (C:\Users\Tuki\AppData\Roaming\npm\node_modules\appium\node_modules\@appium\base-driver\build\lib\basedriver\driver.js:119:24)
2026-09-27 18:28:23,455 [INFO] base_page.py:23 - 点击元素:('id', 'com.netease.yanxuan:id/btn_alert_positive')
2026-09-27 18:28:23,455 [INFO] base_page.py:14 - 定位元素:('id', 'com.netease.yanxuan:id/btn_alert_positive')
2026-09-27 18:28:24,236 [INFO] base_page.py:23 - 点击元素:('xpath', '//android.widget.TextView[@text="跳过"]')
2026-09-27 18:28:24,236 [INFO] base_page.py:14 - 定位元素:('xpath', '//android.widget.TextView[@text="跳过"]')
2026-09-27 18:28:27,799 [INFO] base_page.py:23 - 点击元素:('xpath', '//android.widget.TabWidget[@resource-id="android:id/tabs"]/android.view.ViewGroup[5]')
2026-09-27 18:28:27,800 [INFO] base_page.py:14 - 定位元素:('xpath', '//android.widget.TabWidget[@resource-id="android:id/tabs"]/android.view.ViewGroup[5]')
2026-09-27 18:28:28,003 [INFO] base_page.py:23 - 点击元素:('id', 'com.netease.yanxuan:id/btn_change_mode')
2026-09-27 18:28:28,003 [INFO] base_page.py:14 - 定位元素:('id', 'com.netease.yanxuan:id/btn_change_mode')
2026-09-27 18:28:29,180 [INFO] base_page.py:23 - 点击元素:('id', 'com.netease.yanxuan:id/check_box')
2026-09-27 18:28:29,180 [INFO] base_page.py:14 - 定位元素:('id', 'com.netease.yanxuan:id/check_box')
2026-09-27 18:28:29,819 [INFO] base_page.py:27 - 在元素:('id', 'com.netease.yanxuan:id/account_edit')输入文本:17641160730
2026-09-27 18:28:29,820 [INFO] base_page.py:14 - 定位元素:('id', 'com.netease.yanxuan:id/account_edit')
2026-09-27 18:28:29,889 [INFO] base_page.py:14 - 定位元素:('id', 'com.netease.yanxuan:id/account_edit')
2026-09-27 18:28:30,901 [INFO] base_page.py:27 - 在元素:('id', 'com.netease.yanxuan:id/password_edit')输入文本:lzj123456!
2026-09-27 18:28:30,901 [INFO] base_page.py:14 - 定位元素:('id', 'com.netease.yanxuan:id/password_edit')
2026-09-27 18:28:31,418 [INFO] base_page.py:14 - 定位元素:('id', 'com.netease.yanxuan:id/password_edit')
2026-09-27 18:28:32,439 [INFO] base_page.py:23 - 点击元素:('xpath', '//android.widget.LinearLayout[@resource-id="com.netease.yanxuan:id/fl_loginview"]')
2026-09-27 18:28:32,439 [INFO] base_page.py:14 - 定位元素:('xpath', '//android.widget.LinearLayout[@resource-id="com.netease.yanxuan:id/fl_loginview"]')
2026-09-27 18:28:36,133 [INFO] base_page.py:14 - 定位元素:('id', 'com.netease.yanxuan:id/user_name')
2026-09-27 18:28:36,654 [INFO] base_page.py:33 - 获取元素文本:('id', 'com.netease.yanxuan:id/user_name') -> 用户59907260
2026-09-27 18:28:36,654 [INFO] test_login_page.py:15 - 登录结果 : 用户59907260
2026-09-27 18:28:36,654 [INFO] base_page.py:14 - 定位元素:('id', 'com.netease.yanxuan:id/user_name')
2026-09-27 18:28:36,678 [INFO] base_page.py:33 - 获取元素文本:('id', 'com.netease.yanxuan:id/user_name') -> 用户59907260
2026-09-27 18:28:43,114 [INFO] base_page.py:23 - 点击元素:('id', 'com.netease.yanxuan:id/btn_alert_positive')
2026-09-27 18:28:43,114 [INFO] base_page.py:14 - 定位元素:('id', 'com.netease.yanxuan:id/btn_alert_positive')
2026-09-27 18:28:43,885 [INFO] base_page.py:23 - 点击元素:('xpath', '//android.widget.TextView[@text="跳过"]')
2026-09-27 18:28:43,885 [INFO] base_page.py:14 - 定位元素:('xpath', '//android.widget.TextView[@text="跳过"]')
2026-09-27 18:28:47,142 [INFO] base_page.py:23 - 点击元素:('xpath', '//android.widget.TabWidget[@resource-id="android:id/tabs"]/android.view.ViewGroup[5]')
2026-09-27 18:28:47,142 [INFO] base_page.py:14 - 定位元素:('xpath', '//android.widget.TabWidget[@resource-id="android:id/tabs"]/android.view.ViewGroup[5]')
2026-09-27 18:28:47,319 [INFO] base_page.py:23 - 点击元素:('id', 'com.netease.yanxuan:id/btn_change_mode')
2026-09-27 18:28:47,319 [INFO] base_page.py:14 - 定位元素:('id', 'com.netease.yanxuan:id/btn_change_mode')
2026-09-27 18:28:48,489 [INFO] base_page.py:23 - 点击元素:('id', 'com.netease.yanxuan:id/check_box')
2026-09-27 18:28:48,489 [INFO] base_page.py:14 - 定位元素:('id', 'com.netease.yanxuan:id/check_box')
2026-09-27 18:28:49,127 [INFO] base_page.py:27 - 在元素:('id', 'com.netease.yanxuan:id/account_edit')输入文本:17641160730
2026-09-27 18:28:49,127 [INFO] base_page.py:14 - 定位元素:('id', 'com.netease.yanxuan:id/account_edit')
2026-09-27 18:28:49,190 [INFO] base_page.py:14 - 定位元素:('id', 'com.netease.yanxuan:id/account_edit')
2026-09-27 18:28:50,204 [INFO] base_page.py:27 - 在元素:('id', 'com.netease.yanxuan:id/password_edit')输入文本:lzj123456
2026-09-27 18:28:50,204 [INFO] base_page.py:14 - 定位元素:('id', 'com.netease.yanxuan:id/password_edit')
2026-09-27 18:28:50,722 [INFO] base_page.py:14 - 定位元素:('id', 'com.netease.yanxuan:id/password_edit')
2026-09-27 18:28:51,742 [INFO] base_page.py:23 - 点击元素:('xpath', '//android.widget.LinearLayout[@resource-id="com.netease.yanxuan:id/fl_loginview"]')
2026-09-27 18:28:51,742 [INFO] base_page.py:14 - 定位元素:('xpath', '//android.widget.LinearLayout[@resource-id="com.netease.yanxuan:id/fl_loginview"]')
2026-09-27 18:28:53,607 [INFO] base_page.py:49 - 获取Toast失败:Message: org.eclipse.wst.xml.xpath2.processor.XPathParserException: CUP parser error: Parser error: line 1 col 23: ]; For documentation on this error, please visit: https://www.selenium.dev/documentation/webdriver/troubleshooting/errors#invalidselectorexception
Stacktrace:
io.appium.uiautomator2.common.exceptions.InvalidSelectorException: org.eclipse.wst.xml.xpath2.processor.XPathParserException: CUP parser error: Parser error: line 1 col 23: ]
	at io.appium.uiautomator2.core.AccessibilityNodeInfoDumper.findNodesUsingXpath2(AccessibilityNodeInfoDumper.java:384)
	at io.appium.uiautomator2.core.AccessibilityNodeInfoDumper.findNodes(AccessibilityNodeInfoDumper.java:444)
	at io.appium.uiautomator2.utils.ElementLocationHelpers.getXPathNodeMatch(ElementLocationHelpers.java:102)
	at io.appium.uiautomator2.utils.ElementLocationHelpers.findElement(ElementLocationHelpers.java:128)
	at io.appium.uiautomator2.handler.FindElement.safeHandle(FindElement.java:60)
	at io.appium.uiautomator2.handler.request.SafeRequestHandler.handle(SafeRequestHandler.java:59)
	at io.appium.uiautomator2.server.AppiumServlet.handleRequest(AppiumServlet.java:269)
	at io.appium.uiautomator2.server.AppiumServlet.handleHttpRequest(AppiumServlet.java:263)
	at io.appium.uiautomator2.http.ServerHandler.channelRead(ServerHandler.java:77)
	at io.netty.channel.AbstractChannelHandlerContext.fireChannelRead(AbstractChannelHandlerContext.java:357)
	at io.netty.handler.codec.MessageToMessageDecoder.channelRead(MessageToMessageDecoder.java:107)
	at io.netty.channel.AbstractChannelHandlerContext.fireChannelRead(AbstractChannelHandlerContext.java:357)
	at io.netty.channel.CombinedChannelDuplexHandler$DelegatingChannelHandlerContext.fireChannelRead(CombinedChannelDuplexHandler.java:434)
	at io.netty.handler.codec.ByteToMessageDecoder.fireChannelRead(ByteToMessageDecoder.java:361)
	at io.netty.handler.codec.ByteToMessageDecoder.channelRead(ByteToMessageDecoder.java:325)
	at io.netty.channel.CombinedChannelDuplexHandler.channelRead(CombinedChannelDuplexHandler.java:249)
	at io.netty.channel.AbstractChannelHandlerContext.fireChannelRead(AbstractChannelHandlerContext.java:355)
	at io.netty.handler.timeout.IdleStateHandler.channelRead(IdleStateHandler.java:288)
	at io.netty.channel.AbstractChannelHandlerContext.fireChannelRead(AbstractChannelHandlerContext.java:355)
	at io.netty.channel.DefaultChannelPipeline$HeadContext.channelRead(DefaultChannelPipeline.java:1429)
	at io.netty.channel.DefaultChannelPipeline.fireChannelRead(DefaultChannelPipeline.java:918)
	at io.netty.channel.nio.AbstractNioByteChannel$NioByteUnsafe.read(AbstractNioByteChannel.java:176)
	at io.netty.channel.nio.AbstractNioChannel$AbstractNioUnsafe.handle(AbstractNioChannel.java:445)
	at io.netty.channel.nio.NioIoHandler$DefaultNioRegistration.handle(NioIoHandler.java:388)
	at io.netty.channel.nio.NioIoHandler.processSelectedKey(NioIoHandler.java:596)
	at io.netty.channel.nio.NioIoHandler.processSelectedKeysOptimized(NioIoHandler.java:571)
	at io.netty.channel.nio.NioIoHandler.processSelectedKeys(NioIoHandler.java:512)
	at io.netty.channel.nio.NioIoHandler.run(NioIoHandler.java:484)
	at io.netty.channel.SingleThreadIoEventLoop.runIo(SingleThreadIoEventLoop.java:225)
	at io.netty.channel.SingleThreadIoEventLoop.run(SingleThreadIoEventLoop.java:196)
	at io.netty.util.concurrent.SingleThreadEventExecutor$5.run(SingleThreadEventExecutor.java:1204)
	at io.netty.util.internal.ThreadExecutorMap$2.run(ThreadExecutorMap.java:74)
	at io.netty.util.concurrent.FastThreadLocalRunnable.run(FastThreadLocalRunnable.java:30)
	at java.lang.Thread.run(Thread.java:920)
Caused by: org.eclipse.wst.xml.xpath2.processor.XPathParserException: CUP parser error: Parser error: line 1 col 23: ]
	at org.eclipse.wst.xml.xpath2.processor.internal.InternalXPathParser.parse(InternalXPathParser.java:69)
	at org.eclipse.wst.xml.xpath2.processor.JFlexCupParser.parse(JFlexCupParser.java:35)
	at org.eclipse.wst.xml.xpath2.processor.Engine.parseExpression(Engine.java:29)
	at io.appium.uiautomator2.core.AccessibilityNodeInfoDumper.findNodesUsingXpath2(AccessibilityNodeInfoDumper.java:382)
	... 33 more

2026-09-27 18:28:53,607 [INFO] test_login_page.py:24 - 登录结果 : 
2026-09-27 18:28:53,621 [INFO] base_page.py:49 - 获取Toast失败:Message: org.eclipse.wst.xml.xpath2.processor.XPathParserException: CUP parser error: Parser error: line 1 col 23: ]; For documentation on this error, please visit: https://www.selenium.dev/documentation/webdriver/troubleshooting/errors#invalidselectorexception
Stacktrace:
io.appium.uiautomator2.common.exceptions.InvalidSelectorException: org.eclipse.wst.xml.xpath2.processor.XPathParserException: CUP parser error: Parser error: line 1 col 23: ]
	at io.appium.uiautomator2.core.AccessibilityNodeInfoDumper.findNodesUsingXpath2(AccessibilityNodeInfoDumper.java:384)
	at io.appium.uiautomator2.core.AccessibilityNodeInfoDumper.findNodes(AccessibilityNodeInfoDumper.java:444)
	at io.appium.uiautomator2.utils.ElementLocationHelpers.getXPathNodeMatch(ElementLocationHelpers.java:102)
	at io.appium.uiautomator2.utils.ElementLocationHelpers.findElement(ElementLocationHelpers.java:128)
	at io.appium.uiautomator2.handler.FindElement.safeHandle(FindElement.java:60)
	at io.appium.uiautomator2.handler.request.SafeRequestHandler.handle(SafeRequestHandler.java:59)
	at io.appium.uiautomator2.server.AppiumServlet.handleRequest(AppiumServlet.java:269)
	at io.appium.uiautomator2.server.AppiumServlet.handleHttpRequest(AppiumServlet.java:263)
	at io.appium.uiautomator2.http.ServerHandler.channelRead(ServerHandler.java:77)
	at io.netty.channel.AbstractChannelHandlerContext.fireChannelRead(AbstractChannelHandlerContext.java:357)
	at io.netty.handler.codec.MessageToMessageDecoder.channelRead(MessageToMessageDecoder.java:107)
	at io.netty.channel.AbstractChannelHandlerContext.fireChannelRead(AbstractChannelHandlerContext.java:357)
	at io.netty.channel.CombinedChannelDuplexHandler$DelegatingChannelHandlerContext.fireChannelRead(CombinedChannelDuplexHandler.java:434)
	at io.netty.handler.codec.ByteToMessageDecoder.fireChannelRead(ByteToMessageDecoder.java:361)
	at io.netty.handler.codec.ByteToMessageDecoder.channelRead(ByteToMessageDecoder.java:325)
	at io.netty.channel.CombinedChannelDuplexHandler.channelRead(CombinedChannelDuplexHandler.java:249)
	at io.netty.channel.AbstractChannelHandlerContext.fireChannelRead(AbstractChannelHandlerContext.java:355)
	at io.netty.handler.timeout.IdleStateHandler.channelRead(IdleStateHandler.java:288)
	at io.netty.channel.AbstractChannelHandlerContext.fireChannelRead(AbstractChannelHandlerContext.java:355)
	at io.netty.channel.DefaultChannelPipeline$HeadContext.channelRead(DefaultChannelPipeline.java:1429)
	at io.netty.channel.DefaultChannelPipeline.fireChannelRead(DefaultChannelPipeline.java:918)
	at io.netty.channel.nio.AbstractNioByteChannel$NioByteUnsafe.read(AbstractNioByteChannel.java:176)
	at io.netty.channel.nio.AbstractNioChannel$AbstractNioUnsafe.handle(AbstractNioChannel.java:445)
	at io.netty.channel.nio.NioIoHandler$DefaultNioRegistration.handle(NioIoHandler.java:388)
	at io.netty.channel.nio.NioIoHandler.processSelectedKey(NioIoHandler.java:596)
	at io.netty.channel.nio.NioIoHandler.processSelectedKeysOptimized(NioIoHandler.java:571)
	at io.netty.channel.nio.NioIoHandler.processSelectedKeys(NioIoHandler.java:512)
	at io.netty.channel.nio.NioIoHandler.run(NioIoHandler.java:484)
	at io.netty.channel.SingleThreadIoEventLoop.runIo(SingleThreadIoEventLoop.java:225)
	at io.netty.channel.SingleThreadIoEventLoop.run(SingleThreadIoEventLoop.java:196)
	at io.netty.util.concurrent.SingleThreadEventExecutor$5.run(SingleThreadEventExecutor.java:1204)
	at io.netty.util.internal.ThreadExecutorMap$2.run(ThreadExecutorMap.java:74)
	at io.netty.util.concurrent.FastThreadLocalRunnable.run(FastThreadLocalRunnable.java:30)
	at java.lang.Thread.run(Thread.java:920)
Caused by: org.eclipse.wst.xml.xpath2.processor.XPathParserException: CUP parser error: Parser error: line 1 col 23: ]
	at org.eclipse.wst.xml.xpath2.processor.internal.InternalXPathParser.parse(InternalXPathParser.java:69)
	at org.eclipse.wst.xml.xpath2.processor.JFlexCupParser.parse(JFlexCupParser.java:35)
	at org.eclipse.wst.xml.xpath2.processor.Engine.parseExpression(Engine.java:29)
	at io.appium.uiautomator2.core.AccessibilityNodeInfoDumper.findNodesUsingXpath2(AccessibilityNodeInfoDumper.java:382)
	... 33 more

2026-09-27 18:32:44,421 [INFO] base_page.py:23 - 点击元素:('id', 'com.netease.yanxuan:id/btn_alert_positive')
2026-09-27 18:32:44,421 [INFO] base_page.py:14 - 定位元素:('id', 'com.netease.yanxuan:id/btn_alert_positive')
2026-09-27 18:32:45,199 [INFO] base_page.py:23 - 点击元素:('xpath', '//android.widget.TextView[@text="跳过"]')
2026-09-27 18:32:45,200 [INFO] base_page.py:14 - 定位元素:('xpath', '//android.widget.TextView[@text="跳过"]')
2026-09-27 18:32:48,360 [INFO] base_page.py:23 - 点击元素:('xpath', '//android.widget.TabWidget[@resource-id="android:id/tabs"]/android.view.ViewGroup[5]')
2026-09-27 18:32:48,360 [INFO] base_page.py:14 - 定位元素:('xpath', '//android.widget.TabWidget[@resource-id="android:id/tabs"]/android.view.ViewGroup[5]')
2026-09-27 18:32:49,021 [INFO] base_page.py:23 - 点击元素:('id', 'com.netease.yanxuan:id/btn_change_mode')
2026-09-27 18:32:49,021 [INFO] base_page.py:14 - 定位元素:('id', 'com.netease.yanxuan:id/btn_change_mode')
2026-09-27 18:32:49,657 [INFO] base_page.py:23 - 点击元素:('id', 'com.netease.yanxuan:id/check_box')
2026-09-27 18:32:49,657 [INFO] base_page.py:14 - 定位元素:('id', 'com.netease.yanxuan:id/check_box')
2026-09-27 18:32:50,307 [INFO] base_page.py:27 - 在元素:('id', 'com.netease.yanxuan:id/account_edit')输入文本:17641160730
2026-09-27 18:32:50,308 [INFO] base_page.py:14 - 定位元素:('id', 'com.netease.yanxuan:id/account_edit')
2026-09-27 18:32:50,394 [INFO] base_page.py:14 - 定位元素:('id', 'com.netease.yanxuan:id/account_edit')
2026-09-27 18:32:51,430 [INFO] base_page.py:27 - 在元素:('id', 'com.netease.yanxuan:id/password_edit')输入文本:lzj123456
2026-09-27 18:32:51,430 [INFO] base_page.py:14 - 定位元素:('id', 'com.netease.yanxuan:id/password_edit')
2026-09-27 18:32:51,950 [INFO] base_page.py:14 - 定位元素:('id', 'com.netease.yanxuan:id/password_edit')
2026-09-27 18:32:52,969 [INFO] base_page.py:23 - 点击元素:('xpath', '//android.widget.LinearLayout[@resource-id="com.netease.yanxuan:id/fl_loginview"]')
2026-09-27 18:32:52,969 [INFO] base_page.py:14 - 定位元素:('xpath', '//android.widget.LinearLayout[@resource-id="com.netease.yanxuan:id/fl_loginview"]')
2026-09-27 18:32:54,788 [INFO] base_page.py:46 - 获取Toast提示:账号或密码不正确
2026-09-27 18:32:54,788 [INFO] test_login_page.py:24 - 登录结果 : 账号或密码不正确
2026-09-27 18:32:54,824 [INFO] base_page.py:46 - 获取Toast提示:账号或密码不正确
2026-09-27 18:33:43,544 [INFO] base_page.py:23 - 点击元素:('id', 'com.netease.yanxuan:id/btn_alert_positive')
2026-09-27 18:33:43,544 [INFO] base_page.py:14 - 定位元素:('id', 'com.netease.yanxuan:id/btn_alert_positive')
2026-09-27 18:33:44,321 [INFO] base_page.py:23 - 点击元素:('xpath', '//android.widget.TextView[@text="跳过"]')
2026-09-27 18:33:44,321 [INFO] base_page.py:14 - 定位元素:('xpath', '//android.widget.TextView[@text="跳过"]')
2026-09-27 18:33:47,730 [INFO] base_page.py:23 - 点击元素:('xpath', '//android.widget.TabWidget[@resource-id="android:id/tabs"]/android.view.ViewGroup[5]')
2026-09-27 18:33:47,731 [INFO] base_page.py:14 - 定位元素:('xpath', '//android.widget.TabWidget[@resource-id="android:id/tabs"]/android.view.ViewGroup[5]')
2026-09-27 18:33:47,939 [INFO] base_page.py:23 - 点击元素:('id', 'com.netease.yanxuan:id/btn_change_mode')
2026-09-27 18:33:47,940 [INFO] base_page.py:14 - 定位元素:('id', 'com.netease.yanxuan:id/btn_change_mode')
2026-09-27 18:33:49,117 [INFO] base_page.py:23 - 点击元素:('id', 'com.netease.yanxuan:id/check_box')
2026-09-27 18:33:49,117 [INFO] base_page.py:14 - 定位元素:('id', 'com.netease.yanxuan:id/check_box')
2026-09-27 18:33:49,755 [INFO] base_page.py:27 - 在元素:('id', 'com.netease.yanxuan:id/account_edit')输入文本:17641160730
2026-09-27 18:33:49,756 [INFO] base_page.py:14 - 定位元素:('id', 'com.netease.yanxuan:id/account_edit')
2026-09-27 18:33:49,819 [INFO] base_page.py:14 - 定位元素:('id', 'com.netease.yanxuan:id/account_edit')
2026-09-27 18:33:50,832 [INFO] base_page.py:27 - 在元素:('id', 'com.netease.yanxuan:id/password_edit')输入文本:lzj123456!
2026-09-27 18:33:50,832 [INFO] base_page.py:14 - 定位元素:('id', 'com.netease.yanxuan:id/password_edit')
2026-09-27 18:33:51,350 [INFO] base_page.py:14 - 定位元素:('id', 'com.netease.yanxuan:id/password_edit')
2026-09-27 18:33:52,371 [INFO] base_page.py:23 - 点击元素:('xpath', '//android.widget.LinearLayout[@resource-id="com.netease.yanxuan:id/fl_loginview"]')
2026-09-27 18:33:52,371 [INFO] base_page.py:14 - 定位元素:('xpath', '//android.widget.LinearLayout[@resource-id="com.netease.yanxuan:id/fl_loginview"]')
2026-09-27 18:33:52,921 [INFO] base_page.py:14 - 定位元素:('id', 'com.netease.yanxuan:id/user_name')
2026-09-27 18:33:55,749 [INFO] base_page.py:33 - 获取元素文本:('id', 'com.netease.yanxuan:id/user_name') -> 用户59907260
2026-09-27 18:33:55,749 [INFO] test_login_page.py:13 - 登录结果 : 用户59907260
2026-09-27 18:33:55,749 [INFO] base_page.py:14 - 定位元素:('id', 'com.netease.yanxuan:id/user_name')
2026-09-27 18:33:55,779 [INFO] base_page.py:33 - 获取元素文本:('id', 'com.netease.yanxuan:id/user_name') -> 用户59907260
2026-09-27 18:34:02,281 [INFO] base_page.py:23 - 点击元素:('id', 'com.netease.yanxuan:id/btn_alert_positive')
2026-09-27 18:34:02,281 [INFO] base_page.py:14 - 定位元素:('id', 'com.netease.yanxuan:id/btn_alert_positive')
2026-09-27 18:34:03,055 [INFO] base_page.py:23 - 点击元素:('xpath', '//android.widget.TextView[@text="跳过"]')
2026-09-27 18:34:03,056 [INFO] base_page.py:14 - 定位元素:('xpath', '//android.widget.TextView[@text="跳过"]')
2026-09-27 18:34:06,519 [INFO] base_page.py:23 - 点击元素:('xpath', '//android.widget.TabWidget[@resource-id="android:id/tabs"]/android.view.ViewGroup[5]')
2026-09-27 18:34:06,519 [INFO] base_page.py:14 - 定位元素:('xpath', '//android.widget.TabWidget[@resource-id="android:id/tabs"]/android.view.ViewGroup[5]')
2026-09-27 18:34:06,745 [INFO] base_page.py:23 - 点击元素:('id', 'com.netease.yanxuan:id/btn_change_mode')
2026-09-27 18:34:06,745 [INFO] base_page.py:14 - 定位元素:('id', 'com.netease.yanxuan:id/btn_change_mode')
2026-09-27 18:34:07,924 [INFO] base_page.py:23 - 点击元素:('id', 'com.netease.yanxuan:id/check_box')
2026-09-27 18:34:07,924 [INFO] base_page.py:14 - 定位元素:('id', 'com.netease.yanxuan:id/check_box')
2026-09-27 18:34:08,556 [INFO] base_page.py:27 - 在元素:('id', 'com.netease.yanxuan:id/account_edit')输入文本:17641160730
2026-09-27 18:34:08,556 [INFO] base_page.py:14 - 定位元素:('id', 'com.netease.yanxuan:id/account_edit')
2026-09-27 18:34:08,637 [INFO] base_page.py:14 - 定位元素:('id', 'com.netease.yanxuan:id/account_edit')
2026-09-27 18:34:09,660 [INFO] base_page.py:27 - 在元素:('id', 'com.netease.yanxuan:id/password_edit')输入文本:lzj123456
2026-09-27 18:34:09,660 [INFO] base_page.py:14 - 定位元素:('id', 'com.netease.yanxuan:id/password_edit')
2026-09-27 18:34:10,181 [INFO] base_page.py:14 - 定位元素:('id', 'com.netease.yanxuan:id/password_edit')
2026-09-27 18:34:11,207 [INFO] base_page.py:23 - 点击元素:('xpath', '//android.widget.LinearLayout[@resource-id="com.netease.yanxuan:id/fl_loginview"]')
2026-09-27 18:34:11,207 [INFO] base_page.py:14 - 定位元素:('xpath', '//android.widget.LinearLayout[@resource-id="com.netease.yanxuan:id/fl_loginview"]')
2026-09-27 18:34:13,726 [INFO] base_page.py:46 - 获取Toast提示:账号或密码不正确
2026-09-27 18:34:13,726 [INFO] test_login_page.py:22 - 登录结果 : 账号或密码不正确
2026-09-27 18:34:13,763 [INFO] base_page.py:46 - 获取Toast提示:账号或密码不正确
2026-09-27 20:40:10,710 [INFO] base_page.py:23 - 点击元素:('id', 'com.netease.yanxuan:id/btn_alert_positive')
2026-09-27 20:40:10,710 [INFO] base_page.py:14 - 定位元素:('id', 'com.netease.yanxuan:id/btn_alert_positive')
2026-09-27 20:40:20,760 [ERROR] base_page.py:19 - 元素定位失败:('id', 'com.netease.yanxuan:id/btn_alert_positive')-Message: 
Stacktrace:
NoSuchElementError: An element could not be located on the page using the given search parameters.
    at AndroidUiautomator2Driver.findElOrEls (file:///C:/Users/Tuki/.appium/node_modules/appium-uiautomator2-driver/node_modules/appium-android-driver/build/lib/commands/find.js:54:15)
    at process.processTicksAndRejections (node:internal/process/task_queues:104:5)
    at async AndroidUiautomator2Driver.findElOrElsWithProcessing (C:\Users\Tuki\AppData\Roaming\npm\node_modules\appium\node_modules\@appium\base-driver\build\lib\basedriver\commands\find.js:12:16)
    at async AndroidUiautomator2Driver.findElement (C:\Users\Tuki\AppData\Roaming\npm\node_modules\appium\node_modules\@appium\base-driver\build\lib\basedriver\commands\find.js:37:16)
    at async runCommandPromise (C:\Users\Tuki\AppData\Roaming\npm\node_modules\appium\node_modules\@appium\base-driver\build\lib\basedriver\driver.js:119:24)
2026-09-27 20:40:27,757 [INFO] base_page.py:23 - 点击元素:('id', 'com.netease.yanxuan:id/btn_alert_positive')
2026-09-27 20:40:27,757 [INFO] base_page.py:14 - 定位元素:('id', 'com.netease.yanxuan:id/btn_alert_positive')
2026-09-27 20:40:38,426 [ERROR] base_page.py:19 - 元素定位失败:('id', 'com.netease.yanxuan:id/btn_alert_positive')-Message: 
Stacktrace:
NoSuchElementError: An element could not be located on the page using the given search parameters.
    at AndroidUiautomator2Driver.findElOrEls (file:///C:/Users/Tuki/.appium/node_modules/appium-uiautomator2-driver/node_modules/appium-android-driver/build/lib/commands/find.js:54:15)
    at process.processTicksAndRejections (node:internal/process/task_queues:104:5)
    at async AndroidUiautomator2Driver.findElOrElsWithProcessing (C:\Users\Tuki\AppData\Roaming\npm\node_modules\appium\node_modules\@appium\base-driver\build\lib\basedriver\commands\find.js:12:16)
    at async AndroidUiautomator2Driver.findElement (C:\Users\Tuki\AppData\Roaming\npm\node_modules\appium\node_modules\@appium\base-driver\build\lib\basedriver\commands\find.js:37:16)
    at async runCommandPromise (C:\Users\Tuki\AppData\Roaming\npm\node_modules\appium\node_modules\@appium\base-driver\build\lib\basedriver\driver.js:119:24)
2026-09-27 20:40:55,417 [INFO] base_page.py:23 - 点击元素:('id', 'com.netease.yanxuan:id/btn_alert_positive')
2026-09-27 20:40:55,418 [INFO] base_page.py:14 - 定位元素:('id', 'com.netease.yanxuan:id/btn_alert_positive')
2026-09-27 20:41:06,134 [ERROR] base_page.py:19 - 元素定位失败:('id', 'com.netease.yanxuan:id/btn_alert_positive')-Message: 
Stacktrace:
NoSuchElementError: An element could not be located on the page using the given search parameters.
    at AndroidUiautomator2Driver.findElOrEls (file:///C:/Users/Tuki/.appium/node_modules/appium-uiautomator2-driver/node_modules/appium-android-driver/build/lib/commands/find.js:54:15)
    at process.processTicksAndRejections (node:internal/process/task_queues:104:5)
    at async AndroidUiautomator2Driver.findElOrElsWithProcessing (C:\Users\Tuki\AppData\Roaming\npm\node_modules\appium\node_modules\@appium\base-driver\build\lib\basedriver\commands\find.js:12:16)
    at async AndroidUiautomator2Driver.findElement (C:\Users\Tuki\AppData\Roaming\npm\node_modules\appium\node_modules\@appium\base-driver\build\lib\basedriver\commands\find.js:37:16)
    at async runCommandPromise (C:\Users\Tuki\AppData\Roaming\npm\node_modules\appium\node_modules\@appium\base-driver\build\lib\basedriver\driver.js:119:24)
2026-09-27 20:41:13,107 [INFO] base_page.py:23 - 点击元素:('id', 'com.netease.yanxuan:id/btn_alert_positive')
2026-09-27 20:41:13,107 [INFO] base_page.py:14 - 定位元素:('id', 'com.netease.yanxuan:id/btn_alert_positive')
2026-09-27 20:41:23,727 [ERROR] base_page.py:19 - 元素定位失败:('id', 'com.netease.yanxuan:id/btn_alert_positive')-Message: 
Stacktrace:
NoSuchElementError: An element could not be located on the page using the given search parameters.
    at AndroidUiautomator2Driver.findElOrEls (file:///C:/Users/Tuki/.appium/node_modules/appium-uiautomator2-driver/node_modules/appium-android-driver/build/lib/commands/find.js:54:15)
    at process.processTicksAndRejections (node:internal/process/task_queues:104:5)
    at async AndroidUiautomator2Driver.findElOrElsWithProcessing (C:\Users\Tuki\AppData\Roaming\npm\node_modules\appium\node_modules\@appium\base-driver\build\lib\basedriver\commands\find.js:12:16)
    at async AndroidUiautomator2Driver.findElement (C:\Users\Tuki\AppData\Roaming\npm\node_modules\appium\node_modules\@appium\base-driver\build\lib\basedriver\commands\find.js:37:16)
    at async runCommandPromise (C:\Users\Tuki\AppData\Roaming\npm\node_modules\appium\node_modules\@appium\base-driver\build\lib\basedriver\driver.js:119:24)
2026-09-27 20:42:02,562 [INFO] base_page.py:23 - 点击元素:('xpath', '//android.widget.TextSwitcher[@resource-id="com.netease.yanxuan:id/tv_home_search"]')
2026-09-27 20:42:02,562 [INFO] base_page.py:14 - 定位元素:('xpath', '//android.widget.TextSwitcher[@resource-id="com.netease.yanxuan:id/tv_home_search"]')
2026-09-27 20:42:07,907 [INFO] base_page.py:27 - 在元素:('id', 'com.netease.yanxuan:id/search_input')输入文本:毛巾
2026-09-27 20:42:07,907 [INFO] base_page.py:14 - 定位元素:('id', 'com.netease.yanxuan:id/search_input')
2026-09-27 20:42:08,794 [INFO] base_page.py:14 - 定位元素:('id', 'com.netease.yanxuan:id/search_input')
2026-09-27 20:42:09,824 [INFO] base_page.py:23 - 点击元素:('id', 'com.netease.yanxuan:id/tv_search_button')
2026-09-27 20:42:09,825 [INFO] base_page.py:14 - 定位元素:('id', 'com.netease.yanxuan:id/tv_search_button')
2026-09-27 20:42:11,880 [INFO] base_page.py:14 - 定位元素:('xpath', '//android.widget.TextView[@resource-id="com.netease.yanxuan:id/tv_goods_name" and @text="网易严选 明星单品婴幼儿弱酸性手口湿巾【囤货装】"]')
2026-09-27 20:42:22,666 [ERROR] base_page.py:19 - 元素定位失败:('xpath', '//android.widget.TextView[@resource-id="com.netease.yanxuan:id/tv_goods_name" and @text="网易严选 明星单品婴幼儿弱酸性手口湿巾【囤货装】"]')-Message: 
Stacktrace:
NoSuchElementError: An element could not be located on the page using the given search parameters.
    at AndroidUiautomator2Driver.findElOrEls (file:///C:/Users/Tuki/.appium/node_modules/appium-uiautomator2-driver/node_modules/appium-android-driver/build/lib/commands/find.js:54:15)
    at process.processTicksAndRejections (node:internal/process/task_queues:104:5)
    at async AndroidUiautomator2Driver.findElOrElsWithProcessing (C:\Users\Tuki\AppData\Roaming\npm\node_modules\appium\node_modules\@appium\base-driver\build\lib\basedriver\commands\find.js:12:16)
    at async AndroidUiautomator2Driver.findElement (C:\Users\Tuki\AppData\Roaming\npm\node_modules\appium\node_modules\@appium\base-driver\build\lib\basedriver\commands\find.js:37:16)
    at async runCommandPromise (C:\Users\Tuki\AppData\Roaming\npm\node_modules\appium\node_modules\@appium\base-driver\build\lib\basedriver\driver.js:119:24)
2026-09-27 20:42:29,506 [INFO] base_page.py:23 - 点击元素:('xpath', '//android.widget.TextSwitcher[@resource-id="com.netease.yanxuan:id/tv_home_search"]')
2026-09-27 20:42:29,506 [INFO] base_page.py:14 - 定位元素:('xpath', '//android.widget.TextSwitcher[@resource-id="com.netease.yanxuan:id/tv_home_search"]')
2026-09-27 20:42:35,016 [INFO] base_page.py:27 - 在元素:('id', 'com.netease.yanxuan:id/search_input')输入文本:湿巾
2026-09-27 20:42:35,016 [INFO] base_page.py:14 - 定位元素:('id', 'com.netease.yanxuan:id/search_input')
2026-09-27 20:42:35,887 [INFO] base_page.py:14 - 定位元素:('id', 'com.netease.yanxuan:id/search_input')
2026-09-27 20:42:36,932 [INFO] base_page.py:23 - 点击元素:('id', 'com.netease.yanxuan:id/tv_search_button')
2026-09-27 20:42:36,932 [INFO] base_page.py:14 - 定位元素:('id', 'com.netease.yanxuan:id/tv_search_button')
2026-09-27 20:42:38,972 [INFO] base_page.py:14 - 定位元素:('xpath', '//android.widget.TextView[@resource-id="com.netease.yanxuan:id/tv_goods_name" and @text="网易严选 明星单品婴幼儿弱酸性手口湿巾【囤货装】"]')
2026-09-27 20:42:39,032 [INFO] base_page.py:33 - 获取元素文本:('xpath', '//android.widget.TextView[@resource-id="com.netease.yanxuan:id/tv_goods_name" and @text="网易严选 明星单品婴幼儿弱酸性手口湿巾【囤货装】"]') -> 网易严选 明星单品婴幼儿弱酸性手口湿巾【囤货装】
2026-09-27 20:42:39,032 [INFO] test_search_page.py:14 - 第一个搜索结果:网易严选 明星单品婴幼儿弱酸性手口湿巾【囤货装】
